
[1m[46m RUN [49m[22m [36mv3.2.4 [39m[90mH:/Sales-Funnel-3.1  Process department - Flexible[39m

node.exe : 
[90mstderr[2m | te
sts/api/leads.test.t
s[2m > 
[22m[2mLeads 
API[2m > 
[22m[2mPOST 
/api/leads[2m > 
[22m[2mshould 
create a lead
At C:\Program Files\
nodejs\npx.ps1:29 
char:3
+   & $NODE_EXE 
$NPX_CLI_JS $args
+   ~~~~~~~~~~~~~~~~
~~~~~~~~~~~~~
    + CategoryInfo  
            : NotS  
  pecified: ([90   
 mstderr[2m...d    
 create a lead:    
String) [], Rem    
oteException
    + FullyQualifie 
   dErrorId : Nati  
  veCommandError
 
[22m[39mAPI Error 
in Test: TypeError: 
Invalid URL: 
undefined
    at new URLImpl 
[90m(H:\Sales-Funnel
-3.1  Process 
department - Flexibl
e\[39mnode_modules\
[4mwhatwg-url[24m\
lib\URL-impl.js:21:1
3[90m)[39m
    at Object.export
s.setup [90m(H:\Sal
es-Funnel-3.1  
Process department 
- Flexible\[39mnode
_modules\[4mwhatwg-
url[24m\lib\URL.js:
54:12[90m)[39m
    at new URL [90m
(H:\Sales-Funnel-3.1
  Process 
department - Flexibl
e\[39mnode_modules\
[4mwhatwg-url[24m\
lib\URL.js:115:22[9
0m)[39m
    at [90mH:\Sales
-Funnel-3.1  
Process department 
- Flexible\[39mapp\
api\leads\route.ts:1
30:30
    at 
Module.<anonymous> 
[90m(H:\Sales-Funnel
-3.1  Process 
department - Flexibl
e\[39mlib\api\withA
piHandler.ts:133:36
[90m)[39m
[90m    at processT
icksAndRejections (n
ode:internal/process
/task_queues:105:5)
[39m
    at [90mH:\Sales
-Funnel-3.1  
Process department 
- Flexible\[39mtest
s\api\leads.test.ts:
155:25
    at [90mfile:///
H:/Sales-Funnel-3.1%
20%20Process%20depar
tment%20-%20Flexible
/[39mnode_modules/
[4m@vitest[24m/runn
er/dist/chunk-hooks.
js:752:20

 [31mΓ¥»[39m tests/api/leads.test.ts [2m([22m[2m5 tests[22m[2m | [22m[31m1 failed[39m[2m | [22m[33m4 skipped[39m[2m)[22m[32m 130[2mms[22m[39m
   [2m[90mΓåô[39m[22m Leads API[2m > [22mGET /api/leads[2m > [22mshould return 401 if not authenticated
   [2m[90mΓåô[39m[22m Leads API[2m > [22mGET /api/leads[2m > [22mshould return leads if authenticated
[31m   [31m├ù[31m Leads API[2m > [22mPOST /api/leads[2m > [22mshould create a lead[39m[32m 123[2mms[22m[39m
[31m     ΓåÆ expected 500 to be 201 // Object.is equality[39m
   [2m[90mΓåô[39m[22m Leads API[2m > [22mPOST /api/leads/[id]/activities[2m > [22mshould enforce rate limiting
   [2m[90mΓåô[39m[22m Leads API[2m > [22mPOST /api/leads/[id]/activities[2m > [22mshould add activity if allowed

[31mΓÄ»ΓÄ»ΓÄ»ΓÄ»ΓÄ»
ΓÄ»ΓÄ»[39m[1m[41m
 Failed Tests 1 [49
m[22m[31mΓÄ»ΓÄ»ΓÄ»
ΓÄ»ΓÄ»ΓÄ»ΓÄ»[39m

[41m[1m FAIL 
[22m[49m tests/api
/leads.test.ts[2m 
> [22mLeads 
API[2m > [22mPOST 
/api/leads[2m > 
[22mshould create 
a lead
[31m[1mAssertionEr
ror[22m: expected 
500 to be 201 // 
Object.is 
equality[39m

[32m- Expected[39m
[31m+ Received[39m

[32m- 201[39m
[31m+ 500[39m

[36m [2mΓ¥»[22m t
ests/api/leads.test.
ts:[2m158:32[22m[
39m
    [90m156| [39m 
           
[35mconst[39m 
data [33m=[39m 
[35mawait[39m res
[33m.[39m[34mjson
[39m()[33m;[39m
    [90m157| [39m
    [90m158| [39m 
           [34mexpe
ct[39m(res[33m.[3
9mstatus)[33m.[39m
[34mtoBe[39m([34m
201[39m)[33m;[39m
    [90m   | [39m 
                    
          
[31m^[39m
    [90m159| [39m 
           [34mexpe
ct[39m(data[33m.[
39msuccess)[33m.[3
9m[34mtoBe[39m([3
5mtrue[39m)[33m;[
39m
    [90m160| [39m 
           [34mexpe
ct[39m(data[33m.[
39mdata[33m.[39mcl
ientName)[33m.[39m
[34mtoBe[39m([32m
'Test Client'[39m)
[33m;[39m

[31m[2mΓÄ»ΓÄ»ΓÄ»ΓÄ
»ΓÄ»ΓÄ»ΓÄ»ΓÄ»ΓÄ»ΓÄ»Γ
Ä»ΓÄ»ΓÄ»ΓÄ»ΓÄ»ΓÄ»ΓÄ»
ΓÄ»ΓÄ»ΓÄ»ΓÄ»ΓÄ»ΓÄ»ΓÄ
»[1/1]ΓÄ»[22m[39m


[2m Test Files [22m [1m[31m1 failed[39m[22m[90m (1)[39m
[2m      Tests [22m [1m[31m1 failed[39m[22m[2m | [22m[33m4 skipped[39m[90m (5)[39m
[2m   Start at [22m 18:31:54
[2m   Duration [22m 9.15s[2m (transform 969ms, setup 0ms, collect 2.36s, tests 130ms, environment 4.07s, prepare 662ms)[22m

